******************************************************************************
                  MSP430 Linker PC v21.6.1                     
******************************************************************************
>> Linked Sat Dec 30 14:28:35 2023

OUTPUT FILE NAME:   <LED_ADC.out>
ENTRY POINT SYMBOL: "_c_int00_noargs"  address: 0000d354


MEMORY CONFIGURATION

         name            origin    length      used     unused   attr    fill
----------------------  --------  ---------  --------  --------  ----  --------
  SFR                   00000000   00000010  00000000  00000010  RWIX
  PERIPHERALS_8BIT      00000010   000000f0  00000000  000000f0  RWIX
  PERIPHERALS_16BIT     00000100   00000100  00000000  00000100  RWIX
  RAM                   00000200   00000200  0000008c  00000174  RWIX
  INFOD                 00001000   00000040  00000000  00000040  RWIX
  INFOC                 00001040   00000040  00000000  00000040  RWIX
  INFOB                 00001080   00000040  00000000  00000040  RWIX
  INFOA                 000010c0   00000040  00000000  00000040  RWIX
  FLASH                 0000c000   00003fde  00001460  00002b7e  RWIX
  BSLSIGNATURE          0000ffde   00000002  00000002  00000000  RWIX  ffff 
  INT00                 0000ffe0   00000002  00000002  00000000  RWIX
  INT01                 0000ffe2   00000002  00000000  00000002  RWIX
  INT02                 0000ffe4   00000002  00000002  00000000  RWIX
  INT03                 0000ffe6   00000002  00000002  00000000  RWIX
  INT04                 0000ffe8   00000002  00000000  00000002  RWIX
  INT05                 0000ffea   00000002  00000002  00000000  RWIX
  INT06                 0000ffec   00000002  00000002  00000000  RWIX
  INT07                 0000ffee   00000002  00000002  00000000  RWIX
  INT08                 0000fff0   00000002  00000002  00000000  RWIX
  INT09                 0000fff2   00000002  00000002  00000000  RWIX
  INT10                 0000fff4   00000002  00000002  00000000  RWIX
  INT11                 0000fff6   00000002  00000002  00000000  RWIX
  INT12                 0000fff8   00000002  00000002  00000000  RWIX
  INT13                 0000fffa   00000002  00000002  00000000  RWIX
  INT14                 0000fffc   00000002  00000002  00000000  RWIX
  RESET                 0000fffe   00000002  00000002  00000000  RWIX


SECTION ALLOCATION MAP

 output                                  attributes/
section   page    origin      length       input sections
--------  ----  ----------  ----------   ----------------
.data      0    00000200    00000034     UNINITIALIZED
                  00000200    00000024     main.obj (.data)
                  00000224    00000010     main.obj (.data:tab)

.bss       0    00000234    00000008     UNINITIALIZED
                  00000234    00000002     (.common:efv)
                  00000236    00000002     (.common:max)
                  00000238    00000002     (.common:min)
                  0000023a    00000002     (.common:s)

.stack     0    000003b0    00000050     UNINITIALIZED
                  000003b0    00000002     rts430_eabi.lib : boot.c.obj (.stack)
                  000003b2    0000004e     --HOLE--

.text      0    0000c000    0000141a     
                  0000c000    00000724     main.obj (.text:main)
                  0000c724    000002c0     rts430_eabi.lib : mpyd.c.obj (.text:__mspabi_mpyd)
                  0000c9e4    00000172                     : frcmpyd.c.obj (.text:__TI_frcmpyd)
                  0000cb56    00000114                     : mult64.asm.obj (.text:__mpyll)
                  0000cc6a    0000008a                     : fltuld.c.obj (.text:__mspabi_fltuld)
                  0000ccf4    0000007c                     : copy_decompress_lzss.c.obj (.text:decompress:lzss:__TI_decompress_lzss)
                  0000cd70    00000074                     : fixdul.c.obj (.text:__mspabi_fixdul)
                  0000cde4    00000072     main.obj (.text:Read_key)
                  0000ce56    0000005c     main.obj (.text:DS18B20_Reset)
                  0000ceb2    0000005c     rts430_eabi.lib : lsr32.asm.obj (.text:l_lsr_const)
                  0000cf0e    00000058                     : div32u.asm.obj (.text)
                  0000cf66    00000052     main.obj (.text:DS18B20_Conert)
                  0000cfb8    0000004c     rts430_eabi.lib : lsr16.asm.obj (.text)
                  0000d004    00000046     main.obj (.text:DS18B20_WriteData)
                  0000d04a    00000046     rts430_eabi.lib : lsr64.c.obj (.text:__mspabi_srlll)
                  0000d090    00000044                     : lsl64.c.obj (.text:__mspabi_sllll)
                  0000d0d4    00000042     main.obj (.text:DS18B20_ReadData)
                  0000d116    00000042     rts430_eabi.lib : autoinit.c.obj (.text:__TI_auto_init_nobinit_nopinit:__TI_auto_init_nobinit_nopinit)
                  0000d158    0000003e                     : lsl32.asm.obj (.text:l_lsl_const)
                  0000d196    0000003c     main.obj (.text:init_TM1638)
                  0000d1d2    0000003a     main.obj (.text:Write_allLED)
                  0000d20c    00000032     main.obj (.text:TM1638_Read)
                  0000d23e    00000030     main.obj (.text:TM1638_Write)
                  0000d26e    0000002c     rts430_eabi.lib : asr16.asm.obj (.text)
                  0000d29a    0000002c                     : lsl16.asm.obj (.text)
                  0000d2c6    00000028     main.obj (.text:Write_DATA)
                  0000d2ee    00000026     rts430_eabi.lib : mult32.asm.obj (.text)
                  0000d314    00000022                     : mult1632.asm.obj (.text:__mpyul)
                  0000d336    0000001e                     : mult3264.asm.obj (.text:__mpyull)
                  0000d354    0000001c                     : boot.c.obj (.text:_c_int00_noargs)
                  0000d370    00000016                     : div16u.asm.obj (.text)
                  0000d386    00000014                     : copy_zero_init.c.obj (.text:decompress:ZI:__TI_zero_init_nomemset:__TI_zero_init_nomemset)
                  0000d39a    00000014                     : mult16.asm.obj (.text)
                  0000d3ae    00000012     main.obj (.text:Write_COM)
                  0000d3c0    00000012     rts430_eabi.lib : copy_decompress_none.c.obj (.text:decompress:none:__TI_decompress_none)
                  0000d3d2    00000012                     : lsr32.asm.obj (.text:l_lsr)
                  0000d3e4    00000012                     : memcpy.c.obj (.text:memcpy)
                  0000d3f6    00000010                     : epilog.asm.obj (.text)
                  0000d406    00000008                     : isr_trap.asm.obj (.text:_isr:__TI_ISR_TRAP)
                  0000d40e    00000006                     : exit.c.obj (.text:abort)
                  0000d414    00000004                     : pre_init.c.obj (.text:_system_pre_init)
                  0000d418    00000002                     : startup.c.obj (.text:_system_post_cinit)

.cinit     0    0000d41a    00000046     
                  0000d41a    00000033     (.cinit..data.load) [load image, compression = lzss]
                  0000d44d    00000001     --HOLE-- [fill = 0]
                  0000d44e    00000006     (__TI_handler_table)
                  0000d454    00000004     (.cinit..bss.load) [load image, compression = zero_init]
                  0000d458    00000008     (__TI_cinit_table)

.binit     0    0000c000    00000000     

.init_array 
*          0    0000c000    00000000     UNINITIALIZED

TRAPINT    0    0000ffe0    00000002     
                  0000ffe0    00000002     rts430_eabi.lib : int00.asm.obj (.int00)

PORT1      0    0000ffe4    00000002     
                  0000ffe4    00000002     rts430_eabi.lib : int02.asm.obj (.int02)

PORT2      0    0000ffe6    00000002     
                  0000ffe6    00000002     rts430_eabi.lib : int03.asm.obj (.int03)

ADC10      0    0000ffea    00000002     
                  0000ffea    00000002     rts430_eabi.lib : int05.asm.obj (.int05)

USCIAB0TX 
*          0    0000ffec    00000002     
                  0000ffec    00000002     rts430_eabi.lib : int06.asm.obj (.int06)

USCIAB0RX 
*          0    0000ffee    00000002     
                  0000ffee    00000002     rts430_eabi.lib : int07.asm.obj (.int07)

TIMER0_A1 
*          0    0000fff0    00000002     
                  0000fff0    00000002     rts430_eabi.lib : int08.asm.obj (.int08)

TIMER0_A0 
*          0    0000fff2    00000002     
                  0000fff2    00000002     rts430_eabi.lib : int09.asm.obj (.int09)

WDT        0    0000fff4    00000002     
                  0000fff4    00000002     rts430_eabi.lib : int10.asm.obj (.int10)

COMPARATORA 
*          0    0000fff6    00000002     
                  0000fff6    00000002     rts430_eabi.lib : int11.asm.obj (.int11)

TIMER1_A1 
*          0    0000fff8    00000002     
                  0000fff8    00000002     rts430_eabi.lib : int12.asm.obj (.int12)

TIMER1_A0 
*          0    0000fffa    00000002     
                  0000fffa    00000002     rts430_eabi.lib : int13.asm.obj (.int13)

NMI        0    0000fffc    00000002     
                  0000fffc    00000002     rts430_eabi.lib : int14.asm.obj (.int14)

.reset     0    0000fffe    00000002     
                  0000fffe    00000002     rts430_eabi.lib : boot.c.obj (.reset)

$fill000   0    0000ffde    00000002     
                  0000ffde    00000002     --HOLE-- [fill = ffff]

MODULE SUMMARY

       Module                       code   ro data   rw data
       ------                       ----   -------   -------
    .\
       main.obj                     2526   0         60     
    +--+----------------------------+------+---------+---------+
       Total:                       2526   0         60     
                                                            
    E:\program little2\ccs12.5\ccs\tools\compiler\ti-cgt-msp430_21.6.1.LTS\lib\rts430_eabi.lib
       mpyd.c.obj                   704    0         0      
       frcmpyd.c.obj                370    0         0      
       mult64.asm.obj               276    0         0      
       fltuld.c.obj                 138    0         0      
       copy_decompress_lzss.c.obj   124    0         0      
       fixdul.c.obj                 116    0         0      
       lsr32.asm.obj                110    0         0      
       div32u.asm.obj               88     0         0      
       lsr16.asm.obj                76     0         0      
       lsr64.c.obj                  70     0         0      
       lsl64.c.obj                  68     0         0      
       autoinit.c.obj               66     0         0      
       lsl32.asm.obj                62     0         0      
       asr16.asm.obj                44     0         0      
       lsl16.asm.obj                44     0         0      
       mult32.asm.obj               38     0         0      
       mult1632.asm.obj             34     0         0      
       boot.c.obj                   28     2         0      
       mult3264.asm.obj             30     0         0      
       div16u.asm.obj               22     0         0      
       copy_zero_init.c.obj         20     0         0      
       mult16.asm.obj               20     0         0      
       copy_decompress_none.c.obj   18     0         0      
       memcpy.c.obj                 18     0         0      
       epilog.asm.obj               16     0         0      
       isr_trap.asm.obj             8      0         0      
       exit.c.obj                   6      0         0      
       pre_init.c.obj               4      0         0      
       int00.asm.obj                0      2         0      
       int02.asm.obj                0      2         0      
       int03.asm.obj                0      2         0      
       int05.asm.obj                0      2         0      
       int06.asm.obj                0      2         0      
       int07.asm.obj                0      2         0      
       int08.asm.obj                0      2         0      
       int09.asm.obj                0      2         0      
       int10.asm.obj                0      2         0      
       int11.asm.obj                0      2         0      
       int12.asm.obj                0      2         0      
       int13.asm.obj                0      2         0      
       int14.asm.obj                0      2         0      
       startup.c.obj                2      0         0      
    +--+----------------------------+------+---------+---------+
       Total:                       2620   28        0      
                                                            
       Stack:                       0      0         80     
       Linker Generated:            0      69        0      
    +--+----------------------------+------+---------+---------+
       Grand Total:                 5146   97        140    


LINKER GENERATED COPY TABLES

__TI_cinit_table @ 0000d458 records: 2, size/record: 4, table size: 8
	.data: load addr=0000d41a, load size=00000033 bytes, run addr=00000200, run size=00000034 bytes, compression=lzss
	.bss: load addr=0000d454, load size=00000004 bytes, run addr=00000234, run size=00000008 bytes, compression=zero_init


LINKER GENERATED HANDLER TABLE

__TI_handler_table @ 0000d44e records: 3, size/record: 2, table size: 6
	index: 0, handler: __TI_zero_init
	index: 1, handler: __TI_decompress_lzss
	index: 2, handler: __TI_decompress_none


GLOBAL SYMBOLS: SORTED ALPHABETICALLY BY Name 

address   name                          
-------   ----                          
0000004a  ADC10AE0                      
000001b0  ADC10CTL0                     
000001b2  ADC10CTL1                     
00000048  ADC10DTC0                     
00000049  ADC10DTC1                     
000001b4  ADC10MEM                      
000001bc  ADC10SA                       
00000057  BCSCTL1                       
00000058  BCSCTL2                       
00000053  BCSCTL3                       
0000d40e  C$$EXIT                       
00000059  CACTL1                        
0000005a  CACTL2                        
000010fb  CALBC1_12MHZ                  
000010f9  CALBC1_16MHZ                  
000010ff  CALBC1_1MHZ                   
000010fd  CALBC1_8MHZ                   
000010fa  CALDCO_12MHZ                  
000010f8  CALDCO_16MHZ                  
000010fe  CALDCO_1MHZ                   
000010fc  CALDCO_8MHZ                   
0000005b  CAPD                          
00000056  DCOCTL                        
0000cf66  DS18B20_Conert                
0000d0d4  DS18B20_ReadData              
0000ce56  DS18B20_Reset                 
0000d004  DS18B20_WriteData             
00000128  FCTL1                         
0000012a  FCTL2                         
0000012c  FCTL3                         
00000000  IE1                           
00000001  IE2                           
00000002  IFG1                          
00000003  IFG2                          
00000202  MAX                           
00000204  MIN                           
00000022  P1DIR                         
00000025  P1IE                          
00000024  P1IES                         
00000023  P1IFG                         
00000020  P1IN                          
00000021  P1OUT                         
00000027  P1REN                         
00000026  P1SEL                         
00000041  P1SEL2                        
0000002a  P2DIR                         
0000002d  P2IE                          
0000002c  P2IES                         
0000002b  P2IFG                         
00000028  P2IN                          
00000029  P2OUT                         
0000002f  P2REN                         
0000002e  P2SEL                         
00000042  P2SEL2                        
0000001a  P3DIR                         
00000018  P3IN                          
00000019  P3OUT                         
00000010  P3REN                         
0000001b  P3SEL                         
00000043  P3SEL2                        
0000cde4  Read_key                      
00000172  TA0CCR0                       
00000174  TA0CCR1                       
00000176  TA0CCR2                       
00000162  TA0CCTL0                      
00000164  TA0CCTL1                      
00000166  TA0CCTL2                      
00000160  TA0CTL                        
0000012e  TA0IV                         
00000170  TA0R                          
00000192  TA1CCR0                       
00000194  TA1CCR1                       
00000196  TA1CCR2                       
00000182  TA1CCTL0                      
00000184  TA1CCTL1                      
00000186  TA1CCTL2                      
00000180  TA1CTL                        
0000011e  TA1IV                         
00000190  TA1R                          
000010db  TLV_ADC10_1_LEN               
000010da  TLV_ADC10_1_TAG               
000010c0  TLV_CHECKSUM                  
000010f7  TLV_DCO_30_LEN                
000010f6  TLV_DCO_30_TAG                
0000d20c  TM1638_Read                   
0000d23e  TM1638_Write                  
0000005d  UCA0ABCTL                     
00000062  UCA0BR0                       
00000063  UCA0BR1                       
00000060  UCA0CTL0                      
00000061  UCA0CTL1                      
0000005f  UCA0IRRCTL                    
0000005e  UCA0IRTCTL                    
00000064  UCA0MCTL                      
00000066  UCA0RXBUF                     
00000065  UCA0STAT                      
00000067  UCA0TXBUF                     
0000006a  UCB0BR0                       
0000006b  UCB0BR1                       
00000068  UCB0CTL0                      
00000069  UCB0CTL1                      
0000006c  UCB0I2CIE                     
00000118  UCB0I2COA                     
0000011a  UCB0I2CSA                     
0000006e  UCB0RXBUF                     
0000006d  UCB0STAT                      
0000006f  UCB0TXBUF                     
00000120  WDTCTL                        
0000d3ae  Write_COM                     
0000d2c6  Write_DATA                    
0000d1d2  Write_allLED                  
00000400  __STACK_END                   
00000050  __STACK_SIZE                  
0000d458  __TI_CINIT_Base               
0000d460  __TI_CINIT_Limit              
0000d460  __TI_CINIT_Warm               
0000d44e  __TI_Handler_Table_Base       
0000d454  __TI_Handler_Table_Limit      
0000d406  __TI_ISR_TRAP                 
0000d116  __TI_auto_init_nobinit_nopinit
0000ccf4  __TI_decompress_lzss          
0000d3c0  __TI_decompress_none          
0000c9e4  __TI_frcmpyd                  
0000ffe0  __TI_int00                    
0000ffe4  __TI_int02                    
0000ffe6  __TI_int03                    
0000ffea  __TI_int05                    
0000ffec  __TI_int06                    
0000ffee  __TI_int07                    
0000fff0  __TI_int08                    
0000fff2  __TI_int09                    
0000fff4  __TI_int10                    
0000fff6  __TI_int11                    
0000fff8  __TI_int12                    
0000fffa  __TI_int13                    
0000fffc  __TI_int14                    
ffffffff  __TI_pprof_out_hndl           
ffffffff  __TI_prof_data_size           
ffffffff  __TI_prof_data_start          
0000d386  __TI_zero_init_nomemset       
ffffffff  __c_args__                    
0000d370  __mspabi_divu                 
0000cf0e  __mspabi_divul                
0000cd70  __mspabi_fixdul               
0000cc6a  __mspabi_fltuld               
0000d402  __mspabi_func_epilog_1        
0000d400  __mspabi_func_epilog_2        
0000d3fe  __mspabi_func_epilog_3        
0000d3fc  __mspabi_func_epilog_4        
0000d3fa  __mspabi_func_epilog_5        
0000d3f8  __mspabi_func_epilog_6        
0000d3f6  __mspabi_func_epilog_7        
0000c724  __mspabi_mpyd                 
0000d39a  __mspabi_mpyi                 
0000d39a  __mspabi_mpyi_sw              
0000d2ee  __mspabi_mpyl                 
0000d2ee  __mspabi_mpyl_sw              
0000cb56  __mspabi_mpyll                
0000cb56  __mspabi_mpyll_sw             
0000d314  __mspabi_mpyul                
0000d314  __mspabi_mpyul_sw             
0000d336  __mspabi_mpyull               
0000d336  __mspabi_mpyull_sw            
0000d370  __mspabi_remu                 
0000cf0e  __mspabi_remul                
0000d29a  __mspabi_slli                 
0000d2c2  __mspabi_slli_1               
0000d2b0  __mspabi_slli_10              
0000d2ae  __mspabi_slli_11              
0000d2ac  __mspabi_slli_12              
0000d2aa  __mspabi_slli_13              
0000d2a8  __mspabi_slli_14              
0000d2a6  __mspabi_slli_15              
0000d2c0  __mspabi_slli_2               
0000d2be  __mspabi_slli_3               
0000d2bc  __mspabi_slli_4               
0000d2ba  __mspabi_slli_5               
0000d2b8  __mspabi_slli_6               
0000d2b6  __mspabi_slli_7               
0000d2b4  __mspabi_slli_8               
0000d2b2  __mspabi_slli_9               
0000d190  __mspabi_slll_1               
0000d16c  __mspabi_slll_10              
0000d168  __mspabi_slll_11              
0000d164  __mspabi_slll_12              
0000d160  __mspabi_slll_13              
0000d15c  __mspabi_slll_14              
0000d158  __mspabi_slll_15              
0000d18c  __mspabi_slll_2               
0000d188  __mspabi_slll_3               
0000d184  __mspabi_slll_4               
0000d180  __mspabi_slll_5               
0000d17c  __mspabi_slll_6               
0000d178  __mspabi_slll_7               
0000d174  __mspabi_slll_8               
0000d170  __mspabi_slll_9               
0000d090  __mspabi_sllll                
0000d26e  __mspabi_srai                 
0000d296  __mspabi_srai_1               
0000d284  __mspabi_srai_10              
0000d282  __mspabi_srai_11              
0000d280  __mspabi_srai_12              
0000d27e  __mspabi_srai_13              
0000d27c  __mspabi_srai_14              
0000d27a  __mspabi_srai_15              
0000d294  __mspabi_srai_2               
0000d292  __mspabi_srai_3               
0000d290  __mspabi_srai_4               
0000d28e  __mspabi_srai_5               
0000d28c  __mspabi_srai_6               
0000d28a  __mspabi_srai_7               
0000d288  __mspabi_srai_8               
0000d286  __mspabi_srai_9               
0000cfb8  __mspabi_srli                 
0000cffe  __mspabi_srli_1               
0000cfda  __mspabi_srli_10              
0000cfd6  __mspabi_srli_11              
0000cfd2  __mspabi_srli_12              
0000cfce  __mspabi_srli_13              
0000cfca  __mspabi_srli_14              
0000cfc6  __mspabi_srli_15              
0000cffa  __mspabi_srli_2               
0000cff6  __mspabi_srli_3               
0000cff2  __mspabi_srli_4               
0000cfee  __mspabi_srli_5               
0000cfea  __mspabi_srli_6               
0000cfe6  __mspabi_srli_7               
0000cfe2  __mspabi_srli_8               
0000cfde  __mspabi_srli_9               
0000d3d2  __mspabi_srll                 
0000cf06  __mspabi_srll_1               
0000ced0  __mspabi_srll_10              
0000ceca  __mspabi_srll_11              
0000cec4  __mspabi_srll_12              
0000cebe  __mspabi_srll_13              
0000ceb8  __mspabi_srll_14              
0000ceb2  __mspabi_srll_15              
0000cf00  __mspabi_srll_2               
0000cefa  __mspabi_srll_3               
0000cef4  __mspabi_srll_4               
0000ceee  __mspabi_srll_5               
0000cee8  __mspabi_srll_6               
0000cee2  __mspabi_srll_7               
0000cedc  __mspabi_srll_8               
0000ced6  __mspabi_srll_9               
0000d04a  __mspabi_srlll                
0000d354  _c_int00_noargs               
0000fffe  _reset_vector                 
000003b0  _stack                        
0000d418  _system_post_cinit            
0000d414  _system_pre_init              
0000d40e  abort                         
00000210  add                           
00000208  count                         
0000021a  dub                           
00000234  efv                           
00000206  f                             
0000d196  init_TM1638                   
0000020a  jud                           
00000200  k                             
0000020c  left                          
00000216  loc                           
0000c000  main                          
00000236  max                           
0000d3e4  memcpy                        
00000238  min                           
00000212  mix                           
0000020e  right                         
0000023a  s                             
00000218  show                          
00000222  t                             
00000224  tab                           
00000214  ws                            
0000021c  x                             
0000021e  y                             
00000220  z                             


GLOBAL SYMBOLS: SORTED BY Symbol Address 

address   name                          
-------   ----                          
00000000  IE1                           
00000001  IE2                           
00000002  IFG1                          
00000003  IFG2                          
00000010  P3REN                         
00000018  P3IN                          
00000019  P3OUT                         
0000001a  P3DIR                         
0000001b  P3SEL                         
00000020  P1IN                          
00000021  P1OUT                         
00000022  P1DIR                         
00000023  P1IFG                         
00000024  P1IES                         
00000025  P1IE                          
00000026  P1SEL                         
00000027  P1REN                         
00000028  P2IN                          
00000029  P2OUT                         
0000002a  P2DIR                         
0000002b  P2IFG                         
0000002c  P2IES                         
0000002d  P2IE                          
0000002e  P2SEL                         
0000002f  P2REN                         
00000041  P1SEL2                        
00000042  P2SEL2                        
00000043  P3SEL2                        
00000048  ADC10DTC0                     
00000049  ADC10DTC1                     
0000004a  ADC10AE0                      
00000050  __STACK_SIZE                  
00000053  BCSCTL3                       
00000056  DCOCTL                        
00000057  BCSCTL1                       
00000058  BCSCTL2                       
00000059  CACTL1                        
0000005a  CACTL2                        
0000005b  CAPD                          
0000005d  UCA0ABCTL                     
0000005e  UCA0IRTCTL                    
0000005f  UCA0IRRCTL                    
00000060  UCA0CTL0                      
00000061  UCA0CTL1                      
00000062  UCA0BR0                       
00000063  UCA0BR1                       
00000064  UCA0MCTL                      
00000065  UCA0STAT                      
00000066  UCA0RXBUF                     
00000067  UCA0TXBUF                     
00000068  UCB0CTL0                      
00000069  UCB0CTL1                      
0000006a  UCB0BR0                       
0000006b  UCB0BR1                       
0000006c  UCB0I2CIE                     
0000006d  UCB0STAT                      
0000006e  UCB0RXBUF                     
0000006f  UCB0TXBUF                     
00000118  UCB0I2COA                     
0000011a  UCB0I2CSA                     
0000011e  TA1IV                         
00000120  WDTCTL                        
00000128  FCTL1                         
0000012a  FCTL2                         
0000012c  FCTL3                         
0000012e  TA0IV                         
00000160  TA0CTL                        
00000162  TA0CCTL0                      
00000164  TA0CCTL1                      
00000166  TA0CCTL2                      
00000170  TA0R                          
00000172  TA0CCR0                       
00000174  TA0CCR1                       
00000176  TA0CCR2                       
00000180  TA1CTL                        
00000182  TA1CCTL0                      
00000184  TA1CCTL1                      
00000186  TA1CCTL2                      
00000190  TA1R                          
00000192  TA1CCR0                       
00000194  TA1CCR1                       
00000196  TA1CCR2                       
000001b0  ADC10CTL0                     
000001b2  ADC10CTL1                     
000001b4  ADC10MEM                      
000001bc  ADC10SA                       
00000200  k                             
00000202  MAX                           
00000204  MIN                           
00000206  f                             
00000208  count                         
0000020a  jud                           
0000020c  left                          
0000020e  right                         
00000210  add                           
00000212  mix                           
00000214  ws                            
00000216  loc                           
00000218  show                          
0000021a  dub                           
0000021c  x                             
0000021e  y                             
00000220  z                             
00000222  t                             
00000224  tab                           
00000234  efv                           
00000236  max                           
00000238  min                           
0000023a  s                             
000003b0  _stack                        
00000400  __STACK_END                   
000010c0  TLV_CHECKSUM                  
000010da  TLV_ADC10_1_TAG               
000010db  TLV_ADC10_1_LEN               
000010f6  TLV_DCO_30_TAG                
000010f7  TLV_DCO_30_LEN                
000010f8  CALDCO_16MHZ                  
000010f9  CALBC1_16MHZ                  
000010fa  CALDCO_12MHZ                  
000010fb  CALBC1_12MHZ                  
000010fc  CALDCO_8MHZ                   
000010fd  CALBC1_8MHZ                   
000010fe  CALDCO_1MHZ                   
000010ff  CALBC1_1MHZ                   
0000c000  main                          
0000c724  __mspabi_mpyd                 
0000c9e4  __TI_frcmpyd                  
0000cb56  __mspabi_mpyll                
0000cb56  __mspabi_mpyll_sw             
0000cc6a  __mspabi_fltuld               
0000ccf4  __TI_decompress_lzss          
0000cd70  __mspabi_fixdul               
0000cde4  Read_key                      
0000ce56  DS18B20_Reset                 
0000ceb2  __mspabi_srll_15              
0000ceb8  __mspabi_srll_14              
0000cebe  __mspabi_srll_13              
0000cec4  __mspabi_srll_12              
0000ceca  __mspabi_srll_11              
0000ced0  __mspabi_srll_10              
0000ced6  __mspabi_srll_9               
0000cedc  __mspabi_srll_8               
0000cee2  __mspabi_srll_7               
0000cee8  __mspabi_srll_6               
0000ceee  __mspabi_srll_5               
0000cef4  __mspabi_srll_4               
0000cefa  __mspabi_srll_3               
0000cf00  __mspabi_srll_2               
0000cf06  __mspabi_srll_1               
0000cf0e  __mspabi_divul                
0000cf0e  __mspabi_remul                
0000cf66  DS18B20_Conert                
0000cfb8  __mspabi_srli                 
0000cfc6  __mspabi_srli_15              
0000cfca  __mspabi_srli_14              
0000cfce  __mspabi_srli_13              
0000cfd2  __mspabi_srli_12              
0000cfd6  __mspabi_srli_11              
0000cfda  __mspabi_srli_10              
0000cfde  __mspabi_srli_9               
0000cfe2  __mspabi_srli_8               
0000cfe6  __mspabi_srli_7               
0000cfea  __mspabi_srli_6               
0000cfee  __mspabi_srli_5               
0000cff2  __mspabi_srli_4               
0000cff6  __mspabi_srli_3               
0000cffa  __mspabi_srli_2               
0000cffe  __mspabi_srli_1               
0000d004  DS18B20_WriteData             
0000d04a  __mspabi_srlll                
0000d090  __mspabi_sllll                
0000d0d4  DS18B20_ReadData              
0000d116  __TI_auto_init_nobinit_nopinit
0000d158  __mspabi_slll_15              
0000d15c  __mspabi_slll_14              
0000d160  __mspabi_slll_13              
0000d164  __mspabi_slll_12              
0000d168  __mspabi_slll_11              
0000d16c  __mspabi_slll_10              
0000d170  __mspabi_slll_9               
0000d174  __mspabi_slll_8               
0000d178  __mspabi_slll_7               
0000d17c  __mspabi_slll_6               
0000d180  __mspabi_slll_5               
0000d184  __mspabi_slll_4               
0000d188  __mspabi_slll_3               
0000d18c  __mspabi_slll_2               
0000d190  __mspabi_slll_1               
0000d196  init_TM1638                   
0000d1d2  Write_allLED                  
0000d20c  TM1638_Read                   
0000d23e  TM1638_Write                  
0000d26e  __mspabi_srai                 
0000d27a  __mspabi_srai_15              
0000d27c  __mspabi_srai_14              
0000d27e  __mspabi_srai_13              
0000d280  __mspabi_srai_12              
0000d282  __mspabi_srai_11              
0000d284  __mspabi_srai_10              
0000d286  __mspabi_srai_9               
0000d288  __mspabi_srai_8               
0000d28a  __mspabi_srai_7               
0000d28c  __mspabi_srai_6               
0000d28e  __mspabi_srai_5               
0000d290  __mspabi_srai_4               
0000d292  __mspabi_srai_3               
0000d294  __mspabi_srai_2               
0000d296  __mspabi_srai_1               
0000d29a  __mspabi_slli                 
0000d2a6  __mspabi_slli_15              
0000d2a8  __mspabi_slli_14              
0000d2aa  __mspabi_slli_13              
0000d2ac  __mspabi_slli_12              
0000d2ae  __mspabi_slli_11              
0000d2b0  __mspabi_slli_10              
0000d2b2  __mspabi_slli_9               
0000d2b4  __mspabi_slli_8               
0000d2b6  __mspabi_slli_7               
0000d2b8  __mspabi_slli_6               
0000d2ba  __mspabi_slli_5               
0000d2bc  __mspabi_slli_4               
0000d2be  __mspabi_slli_3               
0000d2c0  __mspabi_slli_2               
0000d2c2  __mspabi_slli_1               
0000d2c6  Write_DATA                    
0000d2ee  __mspabi_mpyl                 
0000d2ee  __mspabi_mpyl_sw              
0000d314  __mspabi_mpyul                
0000d314  __mspabi_mpyul_sw             
0000d336  __mspabi_mpyull               
0000d336  __mspabi_mpyull_sw            
0000d354  _c_int00_noargs               
0000d370  __mspabi_divu                 
0000d370  __mspabi_remu                 
0000d386  __TI_zero_init_nomemset       
0000d39a  __mspabi_mpyi                 
0000d39a  __mspabi_mpyi_sw              
0000d3ae  Write_COM                     
0000d3c0  __TI_decompress_none          
0000d3d2  __mspabi_srll                 
0000d3e4  memcpy                        
0000d3f6  __mspabi_func_epilog_7        
0000d3f8  __mspabi_func_epilog_6        
0000d3fa  __mspabi_func_epilog_5        
0000d3fc  __mspabi_func_epilog_4        
0000d3fe  __mspabi_func_epilog_3        
0000d400  __mspabi_func_epilog_2        
0000d402  __mspabi_func_epilog_1        
0000d406  __TI_ISR_TRAP                 
0000d40e  C$$EXIT                       
0000d40e  abort                         
0000d414  _system_pre_init              
0000d418  _system_post_cinit            
0000d44e  __TI_Handler_Table_Base       
0000d454  __TI_Handler_Table_Limit      
0000d458  __TI_CINIT_Base               
0000d460  __TI_CINIT_Limit              
0000d460  __TI_CINIT_Warm               
0000ffe0  __TI_int00                    
0000ffe4  __TI_int02                    
0000ffe6  __TI_int03                    
0000ffea  __TI_int05                    
0000ffec  __TI_int06                    
0000ffee  __TI_int07                    
0000fff0  __TI_int08                    
0000fff2  __TI_int09                    
0000fff4  __TI_int10                    
0000fff6  __TI_int11                    
0000fff8  __TI_int12                    
0000fffa  __TI_int13                    
0000fffc  __TI_int14                    
0000fffe  _reset_vector                 
ffffffff  __TI_pprof_out_hndl           
ffffffff  __TI_prof_data_size           
ffffffff  __TI_prof_data_start          
ffffffff  __c_args__                    

[276 symbols]
